[0m20:29:08.203289 [debug] [MainThread]: Sending event: {'category': 'dbt', 'action': 'invocation', 'label': 'start', 'context': [<snowplow_tracker.self_describing_json.SelfDescribingJson object at 0x0000018156B46260>, <snowplow_tracker.self_describing_json.SelfDescribingJson object at 0x00000181581FCE80>, <snowplow_tracker.self_describing_json.SelfDescribingJson object at 0x00000181581FF280>]}


============================== 20:29:08.207286 | 0bd349ac-83d4-4681-966d-5080975734fc ==============================
[0m20:29:08.207286 [info ] [MainThread]: Running with dbt=1.12.0-b3
[0m20:29:08.209292 [debug] [MainThread]: running dbt with arguments {'version_check': 'True', 'no_print': 'None', 'maximum_seed_size_mib': '1', 'warn_error_options': 'WarnErrorOptionsV2(error=[], warn=[], silence=[])', 'target_path': 'None', 'static_parser': 'True', 'printer_width': '80', 'write_json': 'True', 'empty': 'None', 'log_cache_events': 'False', 'introspect': 'True', 'cache_selected_only': 'False', 'fail_fast': 'False', 'debug': 'False', 'log_format': 'default', 'profiles_dir': 'C:\\Users\\user\\.dbt', 'send_anonymous_usage_stats': 'True', 'quiet': 'False', 'warn_error': 'None', 'partial_parse': 'True', 'indirect_selection': 'eager', 'use_colors': 'True', 'invocation_command': 'dbt init medical_warehouse', 'use_experimental_parser': 'False', 'log_path': 'logs'}
[0m20:29:08.231938 [info ] [MainThread]: Creating dbt configuration folder at C:\Users\user\.dbt
[0m20:29:08.234427 [debug] [MainThread]: Starter project path: C:\kaim\medical-telegram-warehouse\.venv\lib\site-packages\dbt\include\starter_project
[0m20:29:08.311050 [info ] [MainThread]: Setting up your profile.
[0m20:30:54.072014 [info ] [MainThread]: Profile medical_warehouse written to C:\Users\user\.dbt\profiles.yml using target's profile_template.yml and your supplied values.
[0m20:30:54.078096 [info ] [MainThread]: Running dbt debug to validate the project...
[0m20:30:54.080590 [info ] [MainThread]: dbt version: 1.12.0-b3
[0m20:30:54.081717 [info ] [MainThread]: python version: 3.10.11
[0m20:30:54.082770 [info ] [MainThread]: python path: C:\kaim\medical-telegram-warehouse\.venv\Scripts\python.exe
[0m20:30:54.083768 [info ] [MainThread]: os info: Windows-10-10.0.26200-SP0
[0m20:30:54.131226 [info ] [MainThread]: Using profiles dir at C:\Users\user\.dbt
[0m20:30:54.131226 [info ] [MainThread]: Using profiles.yml file at C:\Users\user\.dbt\profiles.yml
[0m20:30:54.131226 [info ] [MainThread]: Using dbt_project.yml file at C:\kaim\medical-telegram-warehouse\medical_warehouse\dbt_project.yml
[0m20:30:54.131226 [info ] [MainThread]: adapter type: postgres
[0m20:30:54.131226 [info ] [MainThread]: adapter version: 1.10.2
[0m20:30:54.326920 [info ] [MainThread]: Configuration:
[0m20:30:54.326920 [info ] [MainThread]:   profiles.yml file [[32mOK found and valid[0m]
[0m20:30:54.326920 [info ] [MainThread]:   dbt_project.yml file [[32mOK found and valid[0m]
[0m20:30:54.326920 [info ] [MainThread]: Required dependencies:
[0m20:30:54.326920 [debug] [MainThread]: Executing "git --help"
[0m20:30:54.369593 [debug] [MainThread]: STDOUT: "b"usage: git [-v | --version] [-h | --help] [-C <path>] [-c <name>=<value>]\n           [--exec-path[=<path>]] [--html-path] [--man-path] [--info-path]\n           [-p | --paginate | -P | --no-pager] [--no-replace-objects] [--no-lazy-fetch]\n           [--no-optional-locks] [--no-advice] [--bare] [--git-dir=<path>]\n           [--work-tree=<path>] [--namespace=<name>] [--config-env=<name>=<envvar>]\n           <command> [<args>]\n\nThese are common Git commands used in various situations:\n\nstart a working area (see also: git help tutorial)\n   clone      Clone a repository into a new directory\n   init       Create an empty Git repository or reinitialize an existing one\n\nwork on the current change (see also: git help everyday)\n   add        Add file contents to the index\n   mv         Move or rename a file, a directory, or a symlink\n   restore    Restore working tree files\n   rm         Remove files from the working tree and from the index\n\nexamine the history and state (see also: git help revisions)\n   bisect     Use binary search to find the commit that introduced a bug\n   diff       Show changes between commits, commit and working tree, etc\n   grep       Print lines matching a pattern\n   log        Show commit logs\n   show       Show various types of objects\n   status     Show the working tree status\n\ngrow, mark and tweak your common history\n   backfill   Download missing objects in a partial clone\n   branch     List, create, or delete branches\n   commit     Record changes to the repository\n   merge      Join two or more development histories together\n   rebase     Reapply commits on top of another base tip\n   reset      Reset current HEAD to the specified state\n   switch     Switch branches\n   tag        Create, list, delete or verify a tag object signed with GPG\n\ncollaborate (see also: git help workflows)\n   fetch      Download objects and refs from another repository\n   pull       Fetch from and integrate with another repository or a local branch\n   push       Update remote refs along with associated objects\n\n'git help -a' and 'git help -g' list available subcommands and some\nconcept guides. See 'git help <command>' or 'git help <concept>'\nto read about a specific subcommand or concept.\nSee 'git help git' for an overview of the system.\n""
[0m20:30:54.369593 [debug] [MainThread]: STDERR: "b''"
[0m20:30:54.369593 [info ] [MainThread]:  - git [[32mOK found[0m]

[0m20:30:54.369593 [info ] [MainThread]: Connection:
[0m20:30:54.369593 [info ] [MainThread]:   host: localhost
[0m20:30:54.369593 [info ] [MainThread]:   port: 5432
[0m20:30:54.379128 [info ] [MainThread]:   user: postgres
[0m20:30:54.380976 [info ] [MainThread]:   database: medical_dw
[0m20:30:54.380976 [info ] [MainThread]:   schema: raw
[0m20:30:54.383078 [info ] [MainThread]:   connect_timeout: 10
[0m20:30:54.385092 [info ] [MainThread]:   role: None
[0m20:30:54.386085 [info ] [MainThread]:   search_path: None
[0m20:30:54.387088 [info ] [MainThread]:   keepalives_idle: 0
[0m20:30:54.387088 [info ] [MainThread]:   sslmode: None
[0m20:30:54.388089 [info ] [MainThread]:   sslcert: None
[0m20:30:54.389128 [info ] [MainThread]:   sslkey: None
[0m20:30:54.390137 [info ] [MainThread]:   sslrootcert: None
[0m20:30:54.391172 [info ] [MainThread]:   application_name: dbt
[0m20:30:54.392135 [info ] [MainThread]:   retries: 1
[0m20:30:54.393134 [info ] [MainThread]: Registered adapter: postgres=1.10.2
[0m20:30:54.675604 [debug] [MainThread]: Acquiring new postgres connection 'debug'
[0m20:30:57.184534 [debug] [MainThread]: Using postgres connection "debug"
[0m20:30:57.185535 [debug] [MainThread]: On debug: select 1 as id
[0m20:30:57.186504 [debug] [MainThread]: Opening a new connection, currently in state init
[0m20:30:57.235184 [debug] [MainThread]: SQL status: SELECT 1 in 0.049 seconds
[0m20:30:57.237178 [debug] [MainThread]: On debug: Close
[0m20:30:57.237178 [info ] [MainThread]:   Connection test: [[32mOK connection ok[0m]

[0m20:30:57.239158 [info ] [MainThread]: [32mAll checks passed![0m
[0m20:30:57.240145 [info ] [MainThread]: Your new dbt project "medical_warehouse" was created!
Initialized new project in C:\kaim\medical-telegram-warehouse\medical_warehouse\medical_warehouse

For more information on how to configure the profiles.yml file,
please consult the dbt documentation here:

  https://docs.getdbt.com/docs/configure-your-profile

One more thing:

Need help? Don't hesitate to reach out to us via GitHub issues or on Slack:

  https://community.getdbt.com/

Happy modeling!

[0m20:30:57.242150 [debug] [MainThread]: Command `dbt init` succeeded at 20:30:57.242150 after 109.22 seconds
[0m20:30:57.243143 [debug] [MainThread]: Connection 'debug' was properly closed.
[0m20:30:57.243143 [debug] [MainThread]: Sending event: {'category': 'dbt', 'action': 'invocation', 'label': 'end', 'context': [<snowplow_tracker.self_describing_json.SelfDescribingJson object at 0x0000018156B46260>, <snowplow_tracker.self_describing_json.SelfDescribingJson object at 0x00000181581FCE80>, <snowplow_tracker.self_describing_json.SelfDescribingJson object at 0x00000181581C1780>]}
[0m20:30:57.244154 [debug] [MainThread]: Flushing usage events
[0m20:30:58.488081 [debug] [MainThread]: An error was encountered while trying to flush usage events
